Indexing opening suite...
Started game 1 of 120 (A vs B)
Started game 2 of 120 (B vs A)
Started game 5 of 120 (A vs B)
Started game 3 of 120 (A vs B)
Started game 4 of 120 (B vs A)
Finished game 2 (B vs A): 0-1 {Black mates}
Started game 6 of 120 (B vs A)
Finished game 5 (A vs B): 1-0 {White mates}
Started game 7 of 120 (A vs B)
Finished game 1 (A vs B): 1-0 {White mates}
Started game 8 of 120 (B vs A)
Finished game 6 (B vs A): 1-0 {White mates}
Started game 9 of 120 (A vs B)
Finished game 3 (A vs B): 1/2-1/2 {Draw by 3-fold repetition}
Started game 10 of 120 (B vs A)
Finished game 7 (A vs B): 1-0 {White mates}
Started game 11 of 120 (A vs B)
Finished game 4 (B vs A): 1/2-1/2 {Draw by 3-fold repetition}
Started game 12 of 120 (B vs A)
Finished game 8 (B vs A): 0-1 {Black mates}
Started game 13 of 120 (A vs B)
Finished game 13 (A vs B): 1-0 {White mates}
Started game 14 of 120 (B vs A)
Finished game 12 (B vs A): 0-1 {Black mates}
Started game 15 of 120 (A vs B)
Finished game 9 (A vs B): 1-0 {White mates}
Started game 16 of 120 (B vs A)
Finished game 10 (B vs A): 1/2-1/2 {Draw by 3-fold repetition}
Started game 17 of 120 (A vs B)
Finished game 14 (B vs A): 1/2-1/2 {Draw by 3-fold repetition}
Started game 18 of 120 (B vs A)
Finished game 11 (A vs B): 1/2-1/2 {Draw by 3-fold repetition}
Started game 19 of 120 (A vs B)
Finished game 16 (B vs A): 1-0 {White mates}
Started game 20 of 120 (B vs A)
Finished game 15 (A vs B): 1/2-1/2 {Draw by 3-fold repetition}
Started game 21 of 120 (A vs B)
Finished game 17 (A vs B): 1/2-1/2 {Draw by 3-fold repetition}
Started game 22 of 120 (B vs A)
Finished game 18 (B vs A): 0-1 {Black mates}
Started game 23 of 120 (A vs B)
Finished game 20 (B vs A): 1-0 {White mates}
Started game 24 of 120 (B vs A)
Finished game 22 (B vs A): 0-1 {Black mates}
Started game 25 of 120 (A vs B)
Finished game 19 (A vs B): 1/2-1/2 {Draw by 3-fold repetition}
--------------------------------------------------
Results of A vs B (400 nodes, NULL, NULL, openings_4ply.epd):
Elo: 107.54 +/- 127.62, nElo: 144.54 +/- 152.27
LOS: 96.86 %, DrawRatio: 20.00 %, PairsRatio: 3.00
Games: 20, Wins: 9, Losses: 3, Draws: 8, Points: 13.0 (65.00 %)
Ptnml(0-2): [0, 2, 2, 4, 2], WL/DD Ratio: 1.00
--------------------------------------------------
Started game 26 of 120 (B vs A)
Finished game 21 (A vs B): 1/2-1/2 {Draw by 3-fold repetition}
Started game 27 of 120 (A vs B)
Finished game 25 (A vs B): 0-1 {Black mates}
Started game 28 of 120 (B vs A)
Finished game 24 (B vs A): 1/2-1/2 {Draw by 3-fold repetition}
Started game 29 of 120 (A vs B)
Finished game 27 (A vs B): 1-0 {White mates}
Started game 30 of 120 (B vs A)
Finished game 23 (A vs B): 1/2-1/2 {Draw by 3-fold repetition}
Started game 31 of 120 (A vs B)
Finished game 26 (B vs A): 1/2-1/2 {Draw by 3-fold repetition}
Started game 32 of 120 (B vs A)
Finished game 29 (A vs B): 1/2-1/2 {Draw by 3-fold repetition}
Started game 33 of 120 (A vs B)
Finished game 32 (B vs A): 1-0 {White mates}
Started game 34 of 120 (B vs A)
Finished game 34 (B vs A): 0-1 {Black mates}
Started game 35 of 120 (A vs B)
Finished game 33 (A vs B): 0-1 {Black mates}
Started game 36 of 120 (B vs A)
Finished game 30 (B vs A): 0-1 {Black mates}
Started game 37 of 120 (A vs B)
Finished game 35 (A vs B): 0-1 {Black mates}
Started game 38 of 120 (B vs A)
Finished game 28 (B vs A): 1/2-1/2 {Draw by 3-fold repetition}
Started game 39 of 120 (A vs B)
Finished game 31 (A vs B): 1/2-1/2 {Draw by insufficient mating material}
Started game 40 of 120 (B vs A)
Finished game 39 (A vs B): 1/2-1/2 {Draw by 3-fold repetition}
Started game 41 of 120 (A vs B)
Finished game 37 (A vs B): 1/2-1/2 {Draw by 3-fold repetition}
Started game 42 of 120 (B vs A)
Finished game 38 (B vs A): 1/2-1/2 {Draw by 3-fold repetition}
Started game 43 of 120 (A vs B)
Finished game 40 (B vs A): 1-0 {White mates}
--------------------------------------------------
Results of A vs B (400 nodes, NULL, NULL, openings_4ply.epd):
Elo: 55.32 +/- 79.67, nElo: 79.48 +/- 110.47
LOS: 92.07 %, DrawRatio: 26.32 %, PairsRatio: 1.80
Games: 38, Wins: 13, Losses: 7, Draws: 18, Points: 22.0 (57.89 %)
Ptnml(0-2): [0, 5, 5, 7, 2], WL/DD Ratio: 0.67
--------------------------------------------------
Started game 44 of 120 (B vs A)
Finished game 36 (B vs A): 1/2-1/2 {Draw by 3-fold repetition}
Started game 45 of 120 (A vs B)
Finished game 41 (A vs B): 0-1 {Black mates}
Started game 46 of 120 (B vs A)
Finished game 45 (A vs B): 0-1 {Black mates}
Started game 47 of 120 (A vs B)
Finished game 44 (B vs A): 1-0 {White mates}
Started game 48 of 120 (B vs A)
Finished game 42 (B vs A): 1/2-1/2 {Draw by insufficient mating material}
Started game 49 of 120 (A vs B)
Finished game 43 (A vs B): 1/2-1/2 {Draw by insufficient mating material}
Started game 50 of 120 (B vs A)
Finished game 48 (B vs A): 1/2-1/2 {Draw by 3-fold repetition}
Started game 51 of 120 (A vs B)
Finished game 49 (A vs B): 0-1 {Black mates}
Started game 52 of 120 (B vs A)
Finished game 47 (A vs B): 0-1 {Black mates}
Started game 53 of 120 (A vs B)
Finished game 46 (B vs A): 1/2-1/2 {Draw by 3-fold repetition}
Started game 54 of 120 (B vs A)
Finished game 50 (B vs A): 1/2-1/2 {Draw by insufficient mating material}
Started game 55 of 120 (A vs B)
Finished game 52 (B vs A): 1/2-1/2 {Draw by 3-fold repetition}
Started game 56 of 120 (B vs A)
Finished game 51 (A vs B): 1-0 {White mates}
Started game 57 of 120 (A vs B)
Finished game 54 (B vs A): 0-1 {Black mates}
Started game 58 of 120 (B vs A)
Finished game 56 (B vs A): 0-1 {Black mates}
Started game 59 of 120 (A vs B)
Finished game 57 (A vs B): 1/2-1/2 {Draw by insufficient mating material}
Started game 60 of 120 (B vs A)
Finished game 58 (B vs A): 0-1 {Black mates}
Started game 61 of 120 (A vs B)
Finished game 53 (A vs B): 1-0 {White mates}
Started game 62 of 120 (B vs A)
Finished game 61 (A vs B): 1/2-1/2 {Draw by 3-fold repetition}
Started game 63 of 120 (A vs B)
Finished game 59 (A vs B): 1/2-1/2 {Draw by 3-fold repetition}
Started game 64 of 120 (B vs A)
Finished game 55 (A vs B): 1/2-1/2 {Draw by 3-fold repetition}
Started game 65 of 120 (A vs B)
Finished game 60 (B vs A): 1/2-1/2 {Draw by 3-fold repetition}
--------------------------------------------------
Results of A vs B (400 nodes, NULL, NULL, openings_4ply.epd):
Elo: 29.02 +/- 65.60, nElo: 39.54 +/- 87.91
LOS: 81.10 %, DrawRatio: 20.00 %, PairsRatio: 1.18
Games: 60, Wins: 18, Losses: 13, Draws: 29, Points: 32.5 (54.17 %)
Ptnml(0-2): [0, 11, 6, 10, 3], WL/DD Ratio: 0.50
--------------------------------------------------
Started game 66 of 120 (B vs A)
Finished game 66 (B vs A): 1/2-1/2 {Draw by 3-fold repetition}
Started game 67 of 120 (A vs B)
Finished game 62 (B vs A): 0-1 {Black mates}
Started game 68 of 120 (B vs A)
Finished game 64 (B vs A): 0-1 {Black mates}
Started game 69 of 120 (A vs B)
Finished game 63 (A vs B): 1/2-1/2 {Draw by 3-fold repetition}
Started game 70 of 120 (B vs A)
Finished game 68 (B vs A): 1-0 {White mates}
Started game 71 of 120 (A vs B)
Finished game 65 (A vs B): 1-0 {White mates}
Started game 72 of 120 (B vs A)
Finished game 70 (B vs A): 0-1 {Black mates}
Started game 73 of 120 (A vs B)
Finished game 73 (A vs B): 1-0 {White mates}
Started game 74 of 120 (B vs A)
Finished game 71 (A vs B): 1/2-1/2 {Draw by 3-fold repetition}
Started game 75 of 120 (A vs B)
Finished game 72 (B vs A): 1/2-1/2 {Draw by 3-fold repetition}
Started game 76 of 120 (B vs A)
Finished game 74 (B vs A): 1-0 {White mates}
Started game 77 of 120 (A vs B)
Finished game 67 (A vs B): 1/2-1/2 {Draw by 3-fold repetition}
Started game 78 of 120 (B vs A)
Finished game 76 (B vs A): 0-1 {Black mates}
Started game 79 of 120 (A vs B)
Finished game 77 (A vs B): 0-1 {Black mates}
Started game 80 of 120 (B vs A)
Finished game 69 (A vs B): 1/2-1/2 {Draw by insufficient mating material}
Started game 81 of 120 (A vs B)
Finished game 75 (A vs B): 1/2-1/2 {Draw by 3-fold repetition}
Started game 82 of 120 (B vs A)
Finished game 79 (A vs B): 1-0 {White mates}
Started game 83 of 120 (A vs B)
Finished game 78 (B vs A): 0-1 {Black mates}
Started game 84 of 120 (B vs A)
Finished game 82 (B vs A): 0-1 {Black mates}
Started game 85 of 120 (A vs B)
Finished game 80 (B vs A): 1/2-1/2 {Draw by 3-fold repetition}
--------------------------------------------------
Results of A vs B (400 nodes, NULL, NULL, openings_4ply.epd):
Elo: 43.66 +/- 53.39, nElo: 63.43 +/- 76.13
LOS: 94.88 %, DrawRatio: 22.50 %, PairsRatio: 1.58
Games: 80, Wins: 26, Losses: 16, Draws: 38, Points: 45.0 (56.25 %)
Ptnml(0-2): [0, 12, 9, 16, 3], WL/DD Ratio: 0.80
--------------------------------------------------
Started game 86 of 120 (B vs A)
Finished game 81 (A vs B): 1/2-1/2 {Draw by 3-fold repetition}
Started game 87 of 120 (A vs B)
Finished game 84 (B vs A): 1/2-1/2 {Draw by 3-fold repetition}
Started game 88 of 120 (B vs A)
Finished game 85 (A vs B): 1-0 {White mates}
Started game 89 of 120 (A vs B)
Finished game 86 (B vs A): 1/2-1/2 {Draw by 3-fold repetition}
Started game 90 of 120 (B vs A)
Finished game 87 (A vs B): 0-1 {Black mates}
Started game 91 of 120 (A vs B)
Finished game 88 (B vs A): 1/2-1/2 {Draw by 3-fold repetition}
Started game 92 of 120 (B vs A)
Finished game 90 (B vs A): 1/2-1/2 {Draw by 3-fold repetition}
Started game 93 of 120 (A vs B)
Finished game 89 (A vs B): 1-0 {White mates}
Started game 94 of 120 (B vs A)
Finished game 91 (A vs B): 1/2-1/2 {Draw by 3-fold repetition}
Started game 95 of 120 (A vs B)
Finished game 83 (A vs B): 1/2-1/2 {Draw by 3-fold repetition}
Started game 96 of 120 (B vs A)
Finished game 93 (A vs B): 1-0 {White mates}
Started game 97 of 120 (A vs B)
Finished game 94 (B vs A): 1-0 {White mates}
Started game 98 of 120 (B vs A)
Finished game 92 (B vs A): 0-1 {Black mates}
Started game 99 of 120 (A vs B)
Finished game 97 (A vs B): 0-1 {Black mates}
Started game 100 of 120 (B vs A)
Finished game 98 (B vs A): 0-1 {Black mates}
Started game 101 of 120 (A vs B)
Finished game 96 (B vs A): 0-1 {Black mates}
Started game 102 of 120 (B vs A)
Finished game 99 (A vs B): 0-1 {Black mates}
Started game 103 of 120 (A vs B)
Finished game 100 (B vs A): 1/2-1/2 {Draw by 3-fold repetition}
--------------------------------------------------
Results of A vs B (400 nodes, NULL, NULL, openings_4ply.epd):
Elo: 42.76 +/- 46.58, nElo: 64.18 +/- 68.79
LOS: 96.63 %, DrawRatio: 24.49 %, PairsRatio: 1.64
Games: 98, Wins: 32, Losses: 20, Draws: 46, Points: 55.0 (56.12 %)
Ptnml(0-2): [0, 14, 12, 20, 3], WL/DD Ratio: 1.00
--------------------------------------------------
Started game 104 of 120 (B vs A)
Finished game 95 (A vs B): 1-0 {White mates}
Started game 105 of 120 (A vs B)
Finished game 104 (B vs A): 0-1 {Black mates}
Started game 106 of 120 (B vs A)
Finished game 101 (A vs B): 1-0 {White mates}
Started game 107 of 120 (A vs B)
Finished game 103 (A vs B): 1/2-1/2 {Draw by 3-fold repetition}
Started game 108 of 120 (B vs A)
Finished game 102 (B vs A): 0-1 {Black mates}
Started game 109 of 120 (A vs B)
Finished game 106 (B vs A): 0-1 {Black mates}
Started game 110 of 120 (B vs A)
Finished game 108 (B vs A): 1-0 {White mates}
Started game 111 of 120 (A vs B)
Finished game 107 (A vs B): 1/2-1/2 {Draw by 3-fold repetition}
Started game 112 of 120 (B vs A)
Finished game 112 (B vs A): 1-0 {White mates}
Started game 113 of 120 (A vs B)
Finished game 105 (A vs B): 1/2-1/2 {Draw by 3-fold repetition}
Started game 114 of 120 (B vs A)
Finished game 109 (A vs B): 1-0 {White mates}
Started game 115 of 120 (A vs B)
Finished game 115 (A vs B): 1/2-1/2 {Draw by 3-fold repetition}
Started game 116 of 120 (B vs A)
Finished game 113 (A vs B): 1/2-1/2 {Draw by 3-fold repetition}
Started game 117 of 120 (A vs B)
Finished game 111 (A vs B): 0-1 {Black mates}
Started game 118 of 120 (B vs A)
Finished game 117 (A vs B): 0-1 {Black mates}
Started game 119 of 120 (A vs B)
Finished game 110 (B vs A): 1/2-1/2 {Draw by 3-fold repetition}
Started game 120 of 120 (B vs A)
Finished game 116 (B vs A): 0-1 {Black mates}
Finished game 114 (B vs A): 1/2-1/2 {Draw by 3-fold repetition}
Finished game 119 (A vs B): 1/2-1/2 {Draw by 3-fold repetition}
Finished game 120 (B vs A): 1/2-1/2 {Draw by 3-fold repetition}
--------------------------------------------------
Results of A vs B (400 nodes, NULL, NULL, openings_4ply.epd):
Elo: 50.40 +/- 45.19, nElo: 71.33 +/- 62.69
LOS: 98.71 %, DrawRatio: 23.73 %, PairsRatio: 1.81
Games: 118, Wins: 40, Losses: 23, Draws: 55, Points: 67.5 (57.20 %)
Ptnml(0-2): [1, 15, 14, 24, 5], WL/DD Ratio: 0.75
--------------------------------------------------
Finished game 118 (B vs A): 1/2-1/2 {Draw by fifty moves rule}
--------------------------------------------------
Results of A vs B (400 nodes, NULL, NULL, openings_4ply.epd):
Elo: 46.60 +/- 44.91, nElo: 65.66 +/- 62.16
LOS: 98.08 %, DrawRatio: 23.33 %, PairsRatio: 1.71
Games: 120, Wins: 40, Losses: 24, Draws: 56, Points: 68.0 (56.67 %)
Ptnml(0-2): [1, 16, 14, 24, 5], WL/DD Ratio: 0.75
--------------------------------------------------
Finished match
Total Time: 00:00:26 (hours:minutes:seconds)

