Indexing opening suite...
Started game 1 of 12 (A vs B)
Started game 4 of 12 (B vs A)
Started game 5 of 12 (A vs B)
Started game 2 of 12 (B vs A)
Started game 3 of 12 (A vs B)
Warning; Bestmove does not match beginning of last PV - move h2h4 from B
Info; info depth 12 seldepth 16 multipv 1 score cp 65 nodes 57649 nps 191524 hashfull 17 tbhits 0 time 301 pv e2e4 e7e6 e4f5 g8f6 f1e2 e6f5 e2h5 g7g6 h5f3 b8c6
Position; fen rnbqkbnr/p1ppp1pp/1p6/5p2/8/N2P4/PPP1PPPP/R1BQKBNR w KQkq - 0 3
Moves; 
Finished game 4 (B vs A): 0-1 {White loses on time (1ms overrun)}
Started game 6 of 12 (B vs A)
Warning; Bestmove does not match beginning of last PV - move b1c3 from B
Info; info depth 12 seldepth 19 multipv 1 score cp 23 nodes 71602 nps 235532 hashfull 19 tbhits 0 time 304 pv e2e4 d7d5 e4d5 c6d5 f3e5 g8f6 d2d4 a7a6 c2c3 b8c6 c1e3 c6e5 d4e5
Position; fen rnbqkbnr/pp1pppp1/2p4p/8/7P/5N2/PPPPPPP1/RNBQKB1R w KQkq - 0 3
Moves; 
Finished game 2 (B vs A): 0-1 {White loses on time (3ms overrun)}
Started game 7 of 12 (A vs B)
Finished game 5 (A vs B): 1-0 {Black loses on time (4ms overrun)}
Started game 8 of 12 (B vs A)
Finished game 1 (A vs B): 1-0 {Black loses on time (2ms overrun)}
Started game 9 of 12 (A vs B)
Warning; Bestmove does not match beginning of last PV - move a2a3 from B
Info; info depth 12 seldepth 22 multipv 1 score cp 7 nodes 90561 nps 301870 hashfull 31 tbhits 0 time 300 pv d2d4 d8h4 g2g3 h4d4 d1d4 e5d4 c3b5 b8a6 c1f4 d7d5 f4c7 c8d7 e2e3 f8b4 c2c3 d4c3 b2c3 b4c5 c7f4
Position; fen rnbqkbnr/1ppp1ppp/8/p3p3/8/2N2P2/PPPPP1PP/R1BQKBNR w KQkq - 0 3
Moves; 
Warning; Bestmove does not match beginning of last PV - move e2e4 from B
Info; info depth 11 seldepth 16 multipv 1 score cp 37 nodes 66147 nps 219757 hashfull 14 tbhits 0 time 301 pv h3f2 e7e6 b2b3 d8f6 d2d4 d7d5 e2e4 d5e4 f2e4
Position; fen r1bqkbnr/ppppppp1/n6p/8/5P2/7N/PPPPP1PP/RNBQKB1R w KQkq - 1 3
Moves; 
Finished game 8 (B vs A): 0-1 {White loses on time (1ms overrun)}
Started game 10 of 12 (B vs A)
Warning; Bestmove does not match beginning of last PV - move d7d5 from B
Info; info depth 12 seldepth 16 multipv 1 score cp 121 nodes 66596 nps 221249 hashfull 18 tbhits 0 time 301 pv a6b4 e2e3 d7d6 h3f2 e7e5 c1a3 b4c6 f4e5 d6e5 a3f8 e8f8
Position; fen r1bqkbnr/ppppppp1/n6p/8/5P2/7N/PPPPP1PP/RNBQKB1R w KQkq - 1 3
Moves; b2b4
Finished game 7 (A vs B): 1-0 {Black loses on time (1ms overrun)}
Started game 11 of 12 (A vs B)
Finished game 9 (A vs B): 1-0 {Black loses on time (1ms overrun)}
Started game 12 of 12 (B vs A)
Finished game 6 (B vs A): 0-1 {White loses on time (1ms overrun)}
Finished game 10 (B vs A): 0-1 {White loses on time (3ms overrun)}
Finished game 3 (A vs B): 1-0 {Black loses on time (1ms overrun)}
Finished game 12 (B vs A): 0-1 {White loses on time (1ms overrun)}
Warning; Bestmove does not match beginning of last PV - move g7g6 from B
Info; info depth 13 seldepth 17 multipv 1 score cp 28 nodes 95403 nps 318010 hashfull 28 tbhits 0 time 300 pv b8c6 d2d3 g7g6 g1f3 f8g7 e1g1 e8g8 b1a3 e7e5 f1e1 d6d5 e4d5 f6d5
Position; fen rnbqkb1r/ppp1pppp/3p1n2/8/4P3/8/PPPPBPPP/RNBQK1NR w KQkq - 0 3
Moves; c2c3 c7c5 h2h3
Warning; Bestmove does not match beginning of last PV - move h6g7 from B
Info; info depth 14 seldepth 23 multipv 1 score cp 239 nodes 78046 nps 259289 hashfull 29 tbhits 0 time 301 pv d6d5 e4d5 f6d5 f1c4 d5f4 d2d4 c5d4 c1f4 d4c3 b1d2 h6f4 f3f4 d8d2 f4d2 c3d2 d1d2
Position; fen rnbqkb1r/ppp1pppp/3p1n2/8/4P3/8/PPPPBPPP/RNBQK1NR w KQkq - 0 3
Moves; c2c3 c7c5 h2h3 g7g6 e2f1 b8c6 d1f3 f8h6 e1d1
Finished game 11 (A vs B): 1-0 {Black loses on time (1ms overrun)}
--------------------------------------------------
Results of A vs B (0.3/move, NULL - 1t, NULL - 16MB, openings_4ply.epd):
Elo: inf +/- -nan, nElo: inf +/- -nan
LOS: 100.00 %, DrawRatio: 0.00 %, PairsRatio: inf
Games: 12, Wins: 12, Losses: 0, Draws: 0, Points: 12.0 (100.00 %)
Ptnml(0-2): [0, 0, 0, 0, 6], WL/DD Ratio: -nan
--------------------------------------------------

Player: B
  Timeouts: 12
  Crashed: 0

Finished match
Total Time: 00:00:06 (hours:minutes:seconds)

