Indexing opening suite...
Started game 1 of 100 (A vs B)
Started game 3 of 100 (A vs B)
Started game 5 of 100 (A vs B)
Started game 2 of 100 (B vs A)
Started game 4 of 100 (B vs A)
Finished game 5 (A vs B): 1-0 {White mates}
Started game 6 of 100 (B vs A)
Finished game 4 (B vs A): 0-1 {Black mates}
Started game 7 of 100 (A vs B)
Finished game 6 (B vs A): 0-1 {Black mates}
Started game 8 of 100 (B vs A)
Finished game 7 (A vs B): 1-0 {White mates}
Started game 9 of 100 (A vs B)
Finished game 3 (A vs B): 1-0 {White mates}
Started game 10 of 100 (B vs A)
Finished game 8 (B vs A): 0-1 {Black mates}
Started game 11 of 100 (A vs B)
Finished game 2 (B vs A): 0-1 {Black mates}
Started game 12 of 100 (B vs A)
Finished game 1 (A vs B): 1-0 {White mates}
Started game 13 of 100 (A vs B)
Finished game 10 (B vs A): 0-1 {Black mates}
Started game 14 of 100 (B vs A)
Finished game 9 (A vs B): 1-0 {White mates}
Started game 15 of 100 (A vs B)
Finished game 11 (A vs B): 1-0 {White mates}
Started game 16 of 100 (B vs A)
Finished game 15 (A vs B): 1-0 {White mates}
Started game 17 of 100 (A vs B)
Finished game 13 (A vs B): 1-0 {White mates}
Started game 18 of 100 (B vs A)
Finished game 14 (B vs A): 0-1 {Black mates}
Started game 19 of 100 (A vs B)
Finished game 19 (A vs B): 1-0 {White mates}
Started game 20 of 100 (B vs A)
Finished game 17 (A vs B): 1/2-1/2 {Draw by 3-fold repetition}
Started game 21 of 100 (A vs B)
Finished game 12 (B vs A): 0-1 {Black mates}
Started game 22 of 100 (B vs A)
Finished game 16 (B vs A): 0-1 {Black mates}
Started game 23 of 100 (A vs B)
Finished game 22 (B vs A): 0-1 {Black mates}
Started game 24 of 100 (B vs A)
Finished game 20 (B vs A): 0-1 {Black mates}
--------------------------------------------------
Results of A vs B (0.3/move, NULL, NULL, openings_4ply.epd):
Elo: inf +/- -nan, nElo: inf +/- -nan
LOS: 100.00 %, DrawRatio: 0.00 %, PairsRatio: inf
Games: 18, Wins: 18, Losses: 0, Draws: 0, Points: 18.0 (100.00 %)
Ptnml(0-2): [0, 0, 0, 0, 9], WL/DD Ratio: -nan
--------------------------------------------------
Started game 25 of 100 (A vs B)
Finished game 21 (A vs B): 1-0 {White mates}
Started game 26 of 100 (B vs A)
Finished game 25 (A vs B): 1-0 {White mates}
Started game 27 of 100 (A vs B)
Finished game 23 (A vs B): 1-0 {White mates}
Started game 28 of 100 (B vs A)
Finished game 26 (B vs A): 0-1 {Black mates}
Started game 29 of 100 (A vs B)
Finished game 18 (B vs A): 0-1 {Black mates}
Started game 30 of 100 (B vs A)
Finished game 29 (A vs B): 1-0 {White mates}
Started game 31 of 100 (A vs B)
Finished game 27 (A vs B): 1-0 {White mates}
Started game 32 of 100 (B vs A)
Finished game 28 (B vs A): 0-1 {Black mates}
Started game 33 of 100 (A vs B)
Finished game 24 (B vs A): 0-1 {Black mates}
Started game 34 of 100 (B vs A)
Finished game 30 (B vs A): 0-1 {Black mates}
Started game 35 of 100 (A vs B)
Finished game 34 (B vs A): 0-1 {Black mates}
Started game 36 of 100 (B vs A)
Finished game 33 (A vs B): 1-0 {White mates}
Started game 37 of 100 (A vs B)
Finished game 31 (A vs B): 1-0 {White mates}
Started game 38 of 100 (B vs A)
Finished game 38 (B vs A): 0-1 {Black mates}
Started game 39 of 100 (A vs B)
Finished game 32 (B vs A): 0-1 {Black mates}
Started game 40 of 100 (B vs A)
Finished game 35 (A vs B): 1-0 {White mates}
Started game 41 of 100 (A vs B)
Finished game 37 (A vs B): 1-0 {White mates}
Started game 42 of 100 (B vs A)
Finished game 40 (B vs A): 0-1 {Black mates}
Started game 43 of 100 (A vs B)
Finished game 36 (B vs A): 0-1 {Black mates}
Started game 44 of 100 (B vs A)
Finished game 41 (A vs B): 1-0 {White mates}
Started game 45 of 100 (A vs B)
Finished game 42 (B vs A): 0-1 {Black mates}
Started game 46 of 100 (B vs A)
Finished game 43 (A vs B): 1-0 {White mates}
Started game 47 of 100 (A vs B)
Finished game 39 (A vs B): 1-0 {White mates}
--------------------------------------------------
Results of A vs B (0.3/move, NULL, NULL, openings_4ply.epd):
Elo: 767.63 +/- -nan, nElo: 2252.31 +/- 105.07
LOS: 100.00 %, DrawRatio: 0.00 %, PairsRatio: inf
Games: 42, Wins: 41, Losses: 0, Draws: 1, Points: 41.5 (98.81 %)
Ptnml(0-2): [0, 0, 0, 1, 20], WL/DD Ratio: -nan
--------------------------------------------------
Started game 48 of 100 (B vs A)
Finished game 44 (B vs A): 0-1 {Black mates}
Started game 49 of 100 (A vs B)
Finished game 49 (A vs B): 1-0 {White mates}
Started game 50 of 100 (B vs A)
Finished game 48 (B vs A): 0-1 {Black mates}
Started game 51 of 100 (A vs B)
Finished game 46 (B vs A): 0-1 {Black mates}
Started game 52 of 100 (B vs A)
Finished game 51 (A vs B): 1-0 {White mates}
Started game 53 of 100 (A vs B)
Finished game 45 (A vs B): 1-0 {White mates}
Started game 54 of 100 (B vs A)
Finished game 50 (B vs A): 0-1 {Black mates}
Started game 55 of 100 (A vs B)
Finished game 52 (B vs A): 0-1 {Black mates}
Started game 56 of 100 (B vs A)
Finished game 55 (A vs B): 1-0 {White mates}
Started game 57 of 100 (A vs B)
Finished game 54 (B vs A): 0-1 {Black mates}
Started game 58 of 100 (B vs A)
Finished game 53 (A vs B): 1-0 {White mates}
Started game 59 of 100 (A vs B)
Finished game 47 (A vs B): 1-0 {White mates}
Started game 60 of 100 (B vs A)
Finished game 56 (B vs A): 0-1 {Black mates}
Started game 61 of 100 (A vs B)
Finished game 60 (B vs A): 0-1 {Black mates}
Started game 62 of 100 (B vs A)
Finished game 61 (A vs B): 1-0 {White mates}
Started game 63 of 100 (A vs B)
Finished game 62 (B vs A): 0-1 {Black mates}
Started game 64 of 100 (B vs A)
Finished game 57 (A vs B): 1-0 {White mates}
Started game 65 of 100 (A vs B)
Finished game 64 (B vs A): 0-1 {Black mates}
Started game 66 of 100 (B vs A)
Finished game 58 (B vs A): 0-1 {Black mates}
Started game 67 of 100 (A vs B)
Finished game 63 (A vs B): 1-0 {White mates}
Started game 68 of 100 (B vs A)
Finished game 66 (B vs A): 0-1 {Black mates}
Started game 69 of 100 (A vs B)
Finished game 59 (A vs B): 1-0 {White mates}
--------------------------------------------------
Results of A vs B (0.3/move, NULL, NULL, openings_4ply.epd):
Elo: 841.52 +/- -nan, nElo: 2779.83 +/- 85.12
LOS: 100.00 %, DrawRatio: 0.00 %, PairsRatio: inf
Games: 64, Wins: 63, Losses: 0, Draws: 1, Points: 63.5 (99.22 %)
Ptnml(0-2): [0, 0, 0, 1, 31], WL/DD Ratio: -nan
--------------------------------------------------
Started game 70 of 100 (B vs A)
Finished game 67 (A vs B): 1-0 {White mates}
Started game 71 of 100 (A vs B)
Finished game 68 (B vs A): 0-1 {Black mates}
Started game 72 of 100 (B vs A)
Finished game 69 (A vs B): 1-0 {White mates}
Started game 73 of 100 (A vs B)
Finished game 72 (B vs A): 0-1 {Black mates}
Started game 74 of 100 (B vs A)
Finished game 70 (B vs A): 0-1 {Black mates}
Started game 75 of 100 (A vs B)
Finished game 71 (A vs B): 1-0 {White mates}
Started game 76 of 100 (B vs A)
Finished game 65 (A vs B): 1-0 {White mates}
Started game 77 of 100 (A vs B)
Finished game 73 (A vs B): 1-0 {White mates}
Started game 78 of 100 (B vs A)
Finished game 76 (B vs A): 0-1 {Black mates}
Started game 79 of 100 (A vs B)
Finished game 77 (A vs B): 1-0 {White mates}
Started game 80 of 100 (B vs A)
Finished game 74 (B vs A): 0-1 {Black mates}
Started game 81 of 100 (A vs B)
Finished game 75 (A vs B): 1-0 {White mates}
Started game 82 of 100 (B vs A)
Finished game 82 (B vs A): 0-1 {Black mates}
Started game 83 of 100 (A vs B)
Finished game 80 (B vs A): 0-1 {Black mates}
Started game 84 of 100 (B vs A)
Finished game 79 (A vs B): 1/2-1/2 {Draw by 3-fold repetition}
--------------------------------------------------
Results of A vs B (0.3/move, NULL, NULL, openings_4ply.epd):
Elo: 754.60 +/- -nan, nElo: 2170.49 +/- 77.10
LOS: 100.00 %, DrawRatio: 0.00 %, PairsRatio: inf
Games: 78, Wins: 76, Losses: 0, Draws: 2, Points: 77.0 (98.72 %)
Ptnml(0-2): [0, 0, 0, 2, 37], WL/DD Ratio: -nan
--------------------------------------------------
Started game 85 of 100 (A vs B)
Finished game 78 (B vs A): 0-1 {Black mates}
Started game 86 of 100 (B vs A)
Finished game 83 (A vs B): 1-0 {White mates}
Started game 87 of 100 (A vs B)
Finished game 84 (B vs A): 0-1 {Black mates}
Started game 88 of 100 (B vs A)
Finished game 86 (B vs A): 0-1 {Black mates}
Started game 89 of 100 (A vs B)
Finished game 87 (A vs B): 1-0 {White mates}
Started game 90 of 100 (B vs A)
Finished game 81 (A vs B): 1-0 {White mates}
Started game 91 of 100 (A vs B)
Finished game 91 (A vs B): 1-0 {White mates}
Started game 92 of 100 (B vs A)
Finished game 85 (A vs B): 1-0 {White mates}
Started game 93 of 100 (A vs B)
Finished game 89 (A vs B): 1-0 {White mates}
Started game 94 of 100 (B vs A)
Finished game 88 (B vs A): 0-1 {Black mates}
Started game 95 of 100 (A vs B)
Finished game 90 (B vs A): 0-1 {Black mates}
Started game 96 of 100 (B vs A)
Finished game 93 (A vs B): 1-0 {White mates}
Started game 97 of 100 (A vs B)
Finished game 95 (A vs B): 1-0 {White mates}
Started game 98 of 100 (B vs A)
Finished game 94 (B vs A): 0-1 {Black mates}
Started game 99 of 100 (A vs B)
Finished game 92 (B vs A): 0-1 {Black mates}
Started game 100 of 100 (B vs A)
Finished game 97 (A vs B): 1-0 {White mates}
Finished game 96 (B vs A): 0-1 {Black mates}
Finished game 98 (B vs A): 0-1 {Black mates}
Finished game 100 (B vs A): 0-1 {Black mates}
Finished game 99 (A vs B): 1-0 {White mates}
--------------------------------------------------
Results of A vs B (0.3/move, NULL, NULL, openings_4ply.epd):
Elo: 798.25 +/- -nan, nElo: 2457.25 +/- 68.10
LOS: 100.00 %, DrawRatio: 0.00 %, PairsRatio: inf
Games: 100, Wins: 98, Losses: 0, Draws: 2, Points: 99.0 (99.00 %)
Ptnml(0-2): [0, 0, 0, 2, 48], WL/DD Ratio: -nan
--------------------------------------------------
Finished match
Total Time: 00:01:55 (hours:minutes:seconds)

