Indexing opening suite...
Started game 3 of 12 (A vs B)
Started game 5 of 12 (A vs B)
Started game 1 of 12 (A vs B)
Started game 2 of 12 (B vs A)
Started game 4 of 12 (B vs A)
Warning; Bestmove does not match beginning of last PV - move a5a4 from B
Info; info depth 11 seldepth 30 multipv 1 score cp 146 nodes 83815 nps 277533 hashfull 29 tbhits 0 time 302 pv c7c6 b5c3 d7d5 e2e4 f8c5 f3f4 d8b6 g1f3 c5f2 e1e2 g8f6 f4e5 d5e4 e5f6 e4f3 g2f3
Position; fen rnbqkbnr/1ppp1ppp/8/p3p3/8/2N2P2/PPPPP1PP/R1BQKBNR w KQkq - 0 3
Moves; c3b5
Warning; Bestmove does not match beginning of last PV - move e7e5 from B
Info; info depth 11 seldepth 16 multipv 1 score cp 17 nodes 59887 nps 198960 hashfull 15 tbhits 0 time 301 pv e7e6 a3c4 c8b7 g1f3 a7a6 e2e4 f5e4 d3e4 b7e4
Position; fen rnbqkbnr/p1ppp1pp/1p6/5p2/8/N2P4/PPP1PPPP/R1BQKBNR w KQkq - 0 3
Moves; c2c3
Finished game 5 (A vs B): 1-0 {Black loses on time (2ms overrun)}
Finished game 3 (A vs B): 1-0 {Black loses on time (1ms overrun)}
Started game 6 of 12 (B vs A)
Started game 7 of 12 (A vs B)
Finished game 4 (B vs A): 0-1 {White loses on time (4ms overrun)}
Started game 8 of 12 (B vs A)
Finished game 8 (B vs A): 0-1 {White loses on time (1ms overrun)}
Started game 9 of 12 (A vs B)
Warning; Bestmove does not match beginning of last PV - move c2c4 from B
Info; info depth 12 seldepth 20 multipv 1 score cp 93 nodes 73140 nps 242990 hashfull 24 tbhits 0 time 301 pv e2e4 d7d6 f1e2 c8g4 b1a3 b8d7 c1f4 g8f6 a3c4 b6c7 e4e5 f6d5 f4g3
Position; fen rnbqkbnr/pp1pppp1/2p4p/8/7P/5N2/PPPPPPP1/RNBQKB1R w KQkq - 0 3
Moves; d2d4 d8b6
Finished game 2 (B vs A): 0-1 {White loses on time (1ms overrun)}
Started game 10 of 12 (B vs A)
Finished game 6 (B vs A): 0-1 {White loses on time (2ms overrun)}
Started game 11 of 12 (A vs B)
Finished game 10 (B vs A): 0-1 {White loses on time (2ms overrun)}
Started game 12 of 12 (B vs A)
Warning; Bestmove does not match beginning of last PV - move b4f8 from B
Info; info depth 13 seldepth 18 multipv 1 score cp 211 nodes 50569 nps 167447 hashfull 18 tbhits 0 time 302 pv b4e7 d2d4 e5e4 c3c4 g8f6 b1c3 c7c6 e2e3 d7d5 c4d5 c6d5 g1e2 b8c6
Position; fen rnbqk1nr/pppp1ppp/8/4p3/1b6/P7/2PPPPPP/RNBQKBNR w KQkq - 0 3
Moves; c2c3
Finished game 9 (A vs B): 1-0 {Black loses on time (2ms overrun)}
Warning; Bestmove does not match beginning of last PV - move d7d6 from B
Info; info depth 17 seldepth 23 multipv 1 score cp 637 nodes 305784 nps 1019280 hashfull 109 tbhits 0 time 300 pv d8c7 e2e4 d7d5 d2d3 h1h2 c1e3 c7g3 e3f2 g3g5 d3d4 h2h8 b1c3 g5h6 e4d5
Position; fen rnbqkbnr/pp1pppp1/2p4p/8/7P/5N2/PPPPPPP1/RNBQKB1R w KQkq - 0 3
Moves; f3g5 h6g5 h4g5 h8h1 f2f3
Warning; Bestmove does not match beginning of last PV - move g8f6 from B
Info; info depth 13 seldepth 20 multipv 1 score cp 162 nodes 78260 nps 260866 hashfull 35 tbhits 0 time 300 pv d7d5 a2a3 b4c6 h3f2 g7g5 f1b5 g5f4 e3f4 f8g7
Position; fen r1bqkbnr/ppppppp1/n6p/8/5P2/7N/PPPPP1PP/RNBQKB1R w KQkq - 1 3
Moves; b2b4 a6b4 e2e3
Finished game 11 (A vs B): 1-0 {Black loses on time (1ms overrun)}
Warning; Bestmove does not match beginning of last PV - move d6d5 from B
Info; info depth 17 seldepth 20 multipv 1 score cp 625 nodes 251914 nps 839713 hashfull 81 tbhits 0 time 300 pv e7e6 d2d4 f8e7 f3f4 b8a6 b1c3 a6c7 e2e4 h1h8 c1e3 d6d5 d1f3
Position; fen rnbqkbnr/pp1pppp1/2p4p/8/7P/5N2/PPPPPPP1/RNBQKB1R w KQkq - 0 3
Moves; f3g5 h6g5 h4g5 h8h1 f2f3 d7d6 e1f2
Warning; Bestmove does not match beginning of last PV - move c7c5 from B
Info; info depth 15 seldepth 22 multipv 1 score cp 257 nodes 79689 nps 263870 hashfull 38 tbhits 0 time 302 pv d7d5 h3f2 c8f5 d2d3 d8d7 a2a3 b4c6 e2e1 d5d4
Position; fen r1bqkbnr/ppppppp1/n6p/8/5P2/7N/PPPPP1PP/RNBQKB1R w KQkq - 1 3
Moves; b2b4 a6b4 e2e3 g8f6 e1e2
Finished game 7 (A vs B): 1-0 {Black loses on time (2ms overrun)}
Warning; Bestmove does not match beginning of last PV - move e7e6 from B
Info; info depth 17 seldepth 19 multipv 1 score cp 695 nodes 289594 nps 965313 hashfull 119 tbhits 0 time 300 pv e7e5 f3f4 h1h8 d2d4 e5e4 b1c3 b8a6 c1d2 g8e7 f1a6 b7a6 b2b4 a6a5 b4a5
Position; fen rnbqkbnr/pp1pppp1/2p4p/8/7P/5N2/PPPPPPP1/RNBQKB1R w KQkq - 0 3
Moves; f3g5 h6g5 h4g5 h8h1 f2f3 d7d6 e1f2 d6d5 e2e3
Warning; Bestmove does not match beginning of last PV - move g1f3 from B
Info; info depth 16 seldepth 25 multipv 1 score cp 488 nodes 83558 nps 276682 hashfull 32 tbhits 0 time 302 pv d2d4 g7g6 e4g3 f8g7 g1f3 c8g4 h2h4 h7h5 a2a4 b8d7
Position; fen rnbqkb1r/ppp1pppp/3p1n2/8/4P3/8/PPPPBPPP/RNBQK1NR w KQkq - 0 3
Moves; b1c3 f6e4 c3e4 c7c6
Finished game 12 (B vs A): 0-1 {White loses on time (1ms overrun)}
Warning; Bestmove does not match beginning of last PV - move e6d5 from B
Info; info depth 18 seldepth 21 multipv 1 score cp 855 nodes 316089 nps 1053630 hashfull 129 tbhits 0 time 300 pv g5h4 f2e2 e6d5 b2b3 h4f6 d2d4 f6g6 e2f2 g8e7 f1d3 h1d1 d3g6 e7g6
Position; fen rnbqkbnr/pp1pppp1/2p4p/8/7P/5N2/PPPPPPP1/RNBQKB1R w KQkq - 0 3
Moves; f3g5 h6g5 h4g5 h8h1 f2f3 d7d6 e1f2 d6d5 e2e3 e7e6 b1c3 d8g5 c3d5
Warning; Bestmove does not match beginning of last PV - move c8f5 from B
Info; info depth 23 seldepth 14 multipv 1 score mate 7 nodes 384068 nps 1280226 hashfull 155 tbhits 0 time 300 pv h4b4 c2c4 c8f5 e3e4 d5e4 d3c2 e4f3 d2d3 e1e2 c1d2 f5d3 c2d3 b4d2
Position; fen rnbqkbnr/pp1pppp1/2p4p/8/7P/5N2/PPPPPPP1/RNBQKB1R w KQkq - 0 3
Moves; f3g5 h6g5 h4g5 h8h1 f2f3 d7d6 e1f2 d6d5 e2e3 e7e6 b1c3 d8g5 c3d5 e6d5 f1a6 h1d1 a1b1 g5h4 f2e2 d1e1 e2d3
Warning; Bestmove does not match beginning of last PV - move b8d7 from B
Info; info depth 29 seldepth 8 multipv 1 score mate 4 nodes 419862 nps 1399540 hashfull 139 tbhits 0 time 300 pv e4g4 d3c3 g4b4 d2d3 h4e1 c1d2 d5d4
Position; fen rnbqkbnr/pp1pppp1/2p4p/8/7P/5N2/PPPPPPP1/RNBQKB1R w KQkq - 0 3
Moves; f3g5 h6g5 h4g5 h8h1 f2f3 d7d6 e1f2 d6d5 e2e3 e7e6 b1c3 d8g5 c3d5 e6d5 f1a6 h1d1 a1b1 g5h4 f2e2 d1e1 e2d3 c8f5 e3e4 e1e4 a2a3
Warning; Bestmove does not match beginning of last PV - move e1e5 from B
Info; info depth 28 seldepth 2 multipv 1 score mate 1 nodes 364450 nps 1214833 hashfull 165 tbhits 0 time 300 pv d5d4
Position; fen rnbqkbnr/pp1pppp1/2p4p/8/7P/5N2/PPPPPPP1/RNBQKB1R w KQkq - 0 3
Moves; f3g5 h6g5 h4g5 h8h1 f2f3 d7d6 e1f2 d6d5 e2e3 e7e6 b1c3 d8g5 c3d5 e6d5 f1a6 h1d1 a1b1 g5h4 f2e2 d1e1 e2d3 c8f5 e3e4 e1e4 a2a3 b8d7 d3c3 e4b4 d2d3 h4e1 c1d2
Finished game 1 (A vs B): 0-1 {Black mates}
--------------------------------------------------
Results of A vs B (0.3/move, NULL - 1t, NULL - 16MB, openings_4ply.epd):
Elo: 416.56 +/- -nan, nElo: 549.34 +/- 196.58
LOS: 100.00 %, DrawRatio: 16.67 %, PairsRatio: inf
Games: 12, Wins: 11, Losses: 1, Draws: 0, Points: 11.0 (91.67 %)
Ptnml(0-2): [0, 0, 1, 0, 5], WL/DD Ratio: inf
--------------------------------------------------

Player: B
  Timeouts: 11
  Crashed: 0

Finished match
Total Time: 00:00:11 (hours:minutes:seconds)

