Indexing opening suite...
Started game 1 of 100 (A vs B)
Started game 3 of 100 (A vs B)
Started game 5 of 100 (A vs B)
Started game 4 of 100 (B vs A)
Started game 2 of 100 (B vs A)
Finished game 2 (B vs A): 1-0 {White mates}
Started game 6 of 100 (B vs A)
Finished game 4 (B vs A): 1-0 {White mates}
Started game 7 of 100 (A vs B)
Finished game 1 (A vs B): 0-1 {Black mates}
Started game 8 of 100 (B vs A)
Finished game 8 (B vs A): 0-1 {Black mates}
Started game 9 of 100 (A vs B)
Finished game 5 (A vs B): 1-0 {White mates}
Started game 10 of 100 (B vs A)
Finished game 7 (A vs B): 0-1 {Black mates}
Started game 11 of 100 (A vs B)
Finished game 10 (B vs A): 1-0 {White mates}
Started game 12 of 100 (B vs A)
Finished game 6 (B vs A): 1-0 {White mates}
Started game 13 of 100 (A vs B)
Finished game 3 (A vs B): 0-1 {Black mates}
Started game 14 of 100 (B vs A)
Finished game 11 (A vs B): 0-1 {Black mates}
Started game 15 of 100 (A vs B)
Finished game 15 (A vs B): 0-1 {Black mates}
Started game 16 of 100 (B vs A)
Finished game 13 (A vs B): 0-1 {Black mates}
Started game 17 of 100 (A vs B)
Finished game 9 (A vs B): 0-1 {Black mates}
Started game 18 of 100 (B vs A)
Finished game 16 (B vs A): 1-0 {White mates}
Started game 19 of 100 (A vs B)
Finished game 14 (B vs A): 0-1 {Black mates}
Started game 20 of 100 (B vs A)
Finished game 17 (A vs B): 0-1 {Black mates}
Started game 21 of 100 (A vs B)
Finished game 12 (B vs A): 1-0 {White mates}
Started game 22 of 100 (B vs A)
Finished game 18 (B vs A): 1-0 {White mates}
Started game 23 of 100 (A vs B)
Finished game 20 (B vs A): 1-0 {White mates}
Started game 24 of 100 (B vs A)
Finished game 24 (B vs A): 1-0 {White mates}
Started game 25 of 100 (A vs B)
Finished game 19 (A vs B): 1/2-1/2 {Draw by 3-fold repetition}
--------------------------------------------------
Results of A vs B (400 nodes, NULL, NULL, openings_4ply.epd):
Elo: -269.37 +/- 219.00, nElo: -354.86 +/- 152.27
LOS: 0.00 %, DrawRatio: 30.00 %, PairsRatio: 0.00
Games: 20, Wins: 3, Losses: 16, Draws: 1, Points: 3.5 (17.50 %)
Ptnml(0-2): [6, 1, 3, 0, 0], WL/DD Ratio: inf
--------------------------------------------------
Started game 26 of 100 (B vs A)
Finished game 21 (A vs B): 0-1 {Black mates}
Started game 27 of 100 (A vs B)
Finished game 22 (B vs A): 1-0 {White mates}
Started game 28 of 100 (B vs A)
Finished game 23 (A vs B): 0-1 {Black mates}
Started game 29 of 100 (A vs B)
Finished game 26 (B vs A): 1/2-1/2 {Draw by 3-fold repetition}
Started game 30 of 100 (B vs A)
Finished game 27 (A vs B): 1-0 {White mates}
Started game 31 of 100 (A vs B)
Finished game 31 (A vs B): 0-1 {Black mates}
Started game 32 of 100 (B vs A)
Finished game 30 (B vs A): 1-0 {White mates}
Started game 33 of 100 (A vs B)
Finished game 25 (A vs B): 1-0 {White mates}
Started game 34 of 100 (B vs A)
Finished game 33 (A vs B): 1-0 {White mates}
Started game 35 of 100 (A vs B)
Finished game 28 (B vs A): 1/2-1/2 {Draw by 3-fold repetition}
Started game 36 of 100 (B vs A)
Finished game 34 (B vs A): 1/2-1/2 {Draw by 3-fold repetition}
Started game 37 of 100 (A vs B)
Finished game 32 (B vs A): 1/2-1/2 {Draw by fifty moves rule}
Started game 38 of 100 (B vs A)
Finished game 29 (A vs B): 1/2-1/2 {Draw by 3-fold repetition}
Started game 39 of 100 (A vs B)
Finished game 35 (A vs B): 1/2-1/2 {Draw by 3-fold repetition}
Started game 40 of 100 (B vs A)
Finished game 38 (B vs A): 1-0 {White mates}
Started game 41 of 100 (A vs B)
Finished game 40 (B vs A): 1/2-1/2 {Draw by insufficient mating material}
Started game 42 of 100 (B vs A)
Finished game 37 (A vs B): 0-1 {Black mates}
Started game 43 of 100 (A vs B)
Finished game 36 (B vs A): 1-0 {White mates}
Started game 44 of 100 (B vs A)
Finished game 42 (B vs A): 1-0 {White mates}
Started game 45 of 100 (A vs B)
Finished game 43 (A vs B): 0-1 {Black mates}
Started game 46 of 100 (B vs A)
Finished game 39 (A vs B): 0-1 {Black mates}
--------------------------------------------------
Results of A vs B (400 nodes, NULL, NULL, openings_4ply.epd):
Elo: -190.85 +/- 118.91, nElo: -224.27 +/- 107.67
LOS: 0.00 %, DrawRatio: 15.00 %, PairsRatio: 0.21
Games: 40, Wins: 6, Losses: 26, Draws: 8, Points: 10.0 (25.00 %)
Ptnml(0-2): [9, 5, 3, 3, 0], WL/DD Ratio: inf
--------------------------------------------------
Started game 47 of 100 (A vs B)
Finished game 41 (A vs B): 1/2-1/2 {Draw by 3-fold repetition}
Started game 48 of 100 (B vs A)
Finished game 44 (B vs A): 1-0 {White mates}
Started game 49 of 100 (A vs B)
Finished game 46 (B vs A): 1-0 {White mates}
Started game 50 of 100 (B vs A)
Finished game 48 (B vs A): 1-0 {White mates}
Started game 51 of 100 (A vs B)
Finished game 45 (A vs B): 1/2-1/2 {Draw by 3-fold repetition}
Started game 52 of 100 (B vs A)
Finished game 47 (A vs B): 0-1 {Black mates}
Started game 53 of 100 (A vs B)
Finished game 49 (A vs B): 1/2-1/2 {Draw by 3-fold repetition}
Started game 54 of 100 (B vs A)
Finished game 53 (A vs B): 0-1 {Black mates}
Started game 55 of 100 (A vs B)
Finished game 52 (B vs A): 1-0 {White mates}
Started game 56 of 100 (B vs A)
Finished game 51 (A vs B): 0-1 {Black mates}
Started game 57 of 100 (A vs B)
Finished game 50 (B vs A): 1-0 {White mates}
Started game 58 of 100 (B vs A)
Finished game 57 (A vs B): 0-1 {Black mates}
Started game 59 of 100 (A vs B)
Finished game 56 (B vs A): 1-0 {White mates}
Started game 60 of 100 (B vs A)
Finished game 54 (B vs A): 1/2-1/2 {Draw by 3-fold repetition}
Started game 61 of 100 (A vs B)
Finished game 59 (A vs B): 0-1 {Black mates}
Started game 62 of 100 (B vs A)
Finished game 58 (B vs A): 1/2-1/2 {Draw by 3-fold repetition}
Started game 63 of 100 (A vs B)
Finished game 60 (B vs A): 0-1 {Black mates}
--------------------------------------------------
Results of A vs B (400 nodes, NULL, NULL, openings_4ply.epd):
Elo: -207.21 +/- 90.43, nElo: -267.93 +/- 89.41
LOS: 0.00 %, DrawRatio: 13.79 %, PairsRatio: 0.14
Games: 58, Wins: 7, Losses: 38, Draws: 13, Points: 13.5 (23.28 %)
Ptnml(0-2): [12, 10, 4, 3, 0], WL/DD Ratio: inf
--------------------------------------------------
Started game 64 of 100 (B vs A)
Finished game 55 (A vs B): 1-0 {White mates}
Started game 65 of 100 (A vs B)
Finished game 64 (B vs A): 0-1 {Black mates}
Started game 66 of 100 (B vs A)
Finished game 65 (A vs B): 0-1 {Black mates}
Started game 67 of 100 (A vs B)
Finished game 61 (A vs B): 0-1 {Black mates}
Started game 68 of 100 (B vs A)
Finished game 63 (A vs B): 0-1 {Black mates}
Started game 69 of 100 (A vs B)
Finished game 62 (B vs A): 1-0 {White mates}
Started game 70 of 100 (B vs A)
Finished game 68 (B vs A): 1-0 {White mates}
Started game 71 of 100 (A vs B)
Finished game 66 (B vs A): 1-0 {White mates}
Started game 72 of 100 (B vs A)
Finished game 71 (A vs B): 1-0 {White mates}
Started game 73 of 100 (A vs B)
Finished game 70 (B vs A): 1-0 {White mates}
Started game 74 of 100 (B vs A)
Finished game 67 (A vs B): 1/2-1/2 {Draw by 3-fold repetition}
Started game 75 of 100 (A vs B)
Finished game 69 (A vs B): 1/2-1/2 {Draw by 3-fold repetition}
Started game 76 of 100 (B vs A)
Finished game 76 (B vs A): 1-0 {White mates}
Started game 77 of 100 (A vs B)
Finished game 75 (A vs B): 0-1 {Black mates}
Started game 78 of 100 (B vs A)
Finished game 72 (B vs A): 1-0 {White mates}
Started game 79 of 100 (A vs B)
Finished game 73 (A vs B): 1-0 {White mates}
Started game 80 of 100 (B vs A)
Finished game 74 (B vs A): 0-1 {Black mates}
Started game 81 of 100 (A vs B)
Finished game 78 (B vs A): 1/2-1/2 {Draw by insufficient mating material}
Started game 82 of 100 (B vs A)
Finished game 79 (A vs B): 0-1 {Black mates}
Started game 83 of 100 (A vs B)
Finished game 81 (A vs B): 1/2-1/2 {Draw by 3-fold repetition}
Started game 84 of 100 (B vs A)
Finished game 80 (B vs A): 1/2-1/2 {Draw by 3-fold repetition}
--------------------------------------------------
Results of A vs B (400 nodes, NULL, NULL, openings_4ply.epd):
Elo: -184.96 +/- 77.17, nElo: -228.04 +/- 77.10
LOS: 0.00 %, DrawRatio: 17.95 %, PairsRatio: 0.14
Games: 78, Wins: 12, Losses: 50, Draws: 16, Points: 20.0 (25.64 %)
Ptnml(0-2): [15, 13, 7, 3, 1], WL/DD Ratio: inf
--------------------------------------------------
Started game 85 of 100 (A vs B)
Finished game 84 (B vs A): 1-0 {White mates}
Started game 86 of 100 (B vs A)
Finished game 82 (B vs A): 1-0 {White mates}
Started game 87 of 100 (A vs B)
Finished game 77 (A vs B): 0-1 {Black mates}
Started game 88 of 100 (B vs A)
Finished game 85 (A vs B): 0-1 {Black mates}
Started game 89 of 100 (A vs B)
Finished game 83 (A vs B): 0-1 {Black mates}
Started game 90 of 100 (B vs A)
Finished game 88 (B vs A): 1-0 {White mates}
Started game 91 of 100 (A vs B)
Finished game 87 (A vs B): 0-1 {Black mates}
Started game 92 of 100 (B vs A)
Finished game 90 (B vs A): 1-0 {White mates}
Started game 93 of 100 (A vs B)
Finished game 91 (A vs B): 1/2-1/2 {Draw by 3-fold repetition}
Started game 94 of 100 (B vs A)
Finished game 86 (B vs A): 1-0 {White mates}
Started game 95 of 100 (A vs B)
Finished game 92 (B vs A): 0-1 {Black mates}
Started game 96 of 100 (B vs A)
Finished game 89 (A vs B): 1/2-1/2 {Draw by fifty moves rule}
Started game 97 of 100 (A vs B)
Finished game 95 (A vs B): 0-1 {Black mates}
Started game 98 of 100 (B vs A)
Finished game 94 (B vs A): 1-0 {White mates}
Started game 99 of 100 (A vs B)
Finished game 96 (B vs A): 1-0 {White mates}
Started game 100 of 100 (B vs A)
Finished game 98 (B vs A): 1-0 {White mates}
Finished game 99 (A vs B): 0-1 {Black mates}
Finished game 100 (B vs A): 1-0 {White mates}
--------------------------------------------------
Results of A vs B (400 nodes, NULL, NULL, openings_4ply.epd):
Elo: -200.64 +/- 71.97, nElo: -246.07 +/- 69.50
LOS: 0.00 %, DrawRatio: 14.58 %, PairsRatio: 0.14
Games: 96, Wins: 13, Losses: 63, Draws: 20, Points: 23.0 (23.96 %)
Ptnml(0-2): [20, 16, 7, 4, 1], WL/DD Ratio: inf
--------------------------------------------------
Finished game 93 (A vs B): 0-1 {Black mates}
Finished game 97 (A vs B): 1/2-1/2 {Draw by insufficient mating material}
--------------------------------------------------
Results of A vs B (400 nodes, NULL, NULL, openings_4ply.epd):
Elo: -205.04 +/- 70.58, nElo: -253.37 +/- 68.10
LOS: 0.00 %, DrawRatio: 14.00 %, PairsRatio: 0.13
Games: 100, Wins: 13, Losses: 66, Draws: 21, Points: 23.5 (23.50 %)
Ptnml(0-2): [21, 17, 7, 4, 1], WL/DD Ratio: inf
--------------------------------------------------
Finished match
Total Time: 00:00:30 (hours:minutes:seconds)

